// Jest Snapshot v1, https://goo.gl/fbAQLP

exports[`With Snapshot Testing App shows "Hello world!" 1`] = `
<div
  className="Component-root-1"
>
  <p
    className="MuiTypography-root-2 MuiTypography-body1-11 MuiTypography-gutterBottom-19"
    type="subheading"
  >
    Hello World!
  </p>
</div>
`;
